We want a class that implements a PID controller for a single
variable. The measurement, setpoint, and output should all be real
numbers. The constructor should accept an initial measurement
value in addition to the gains and setpoint.

>>> import time
>>> real_time = time.time
>>> time.time = (float(x) for x in xrange(1, 1000)).next
>>> import pid
>>> controller = pid.PID(P=0.5, I=0.5, D=0.5, setpoint=0,
...                            initial=12)
>>> controller.gains
(0.5, 0.5, 0.5)
>>> controller.setpoint
[0.0]
>>> controller.previous_time
1.0
>>> controller.previous_error
-12.0
>>> controller.integrated_error
0.0
>>> time.time = real_time

The constructor should also optionally accept a parameter
specifying when the initial measurement was taken.

>>> pid = reload(pid)
>>> controller = pid.PID(P=0.5, I=0.5, D=0.5, setpoint=1,
...                            initial=12, when=43)
>>> controller.gains
(0.5, 0.5, 0.5)
>>> controller.setpoint
[1.0]
>>> controller.previous_time
43.0
>>> controller.previous_error
-11.0

>>> controller.integrated_error
0.0

>>> real_time = time.time
>>> time.time = (float(x) for x in xrange(1, 1000)).next
>>> pid = reload(pid)
>>> controller = pid.PID(P=0.5, I=0.5, D=0.5, setpoint=0,
...                            initial=12)
>>> controller.calculate_response(6)
-3.0
>>> controller.calculate_response(3)
-4.5
>>> controller.calculate_response(-1.5)
-0.75
>>> controller.calculate_response(-2.25)
-1.125
>>> time.time = real_time

The calculate_response method should be willing to accept a
parameter specifying at what time the call is happening.

>>> pid = reload(pid)
>>> controller = pid.PID(P=0.5, I=0.5, D=0.5, setpoint=0,
...                            initial=12, when=1)
>>> controller.calculate_response(6, 2)
-3.0
>>> controller.calculate_response(3, 3)
-4.5
>>> controller.calculate_response(-1.5, 4)
-0.75
>>> controller.calculate_response(-2.25, 5)
-1.125

We need to be able to adjust the setpoint at runtime, but we want
it to have a memory, so that we can easily return to the previous
setpoint.

>>> pid = reload(pid)
>>> controller = pid.PID(P=0.5, I=0.5, D=0.5, setpoint=0,
...                            initial=12)
>>> controller.push_setpoint(7)
>>> controller.setpoint
[0.0, 7.0]
>>> controller.push_setpoint(8.5)

>>> controller.setpoint
[0.0, 7.0, 8.5]
>>> controller.pop_setpoint()
8.5
>>> controller.setpoint
[0.0, 7.0]
>>> controller.pop_setpoint()
7.0
>>> controller.setpoint
[0.0]
>>> controller.pop_setpoint()
Traceback (most recent call last):
ValueError: PID controller must have a setpoint

It's important that the P, I and D gains not be negative.

>>> pid = reload(pid)
>>> controller = pid.PID(P=-0.5, I=0.5, D=0.5, setpoint=0,
...                               initial=12)
Traceback (most recent call last):
ValueError: PID controller gains must be non-negative

>>> pid = reload(pid)
>>> controller = pid.PID(P=0.5, I=-0.5, D=0.5, setpoint=0,
...                               initial=12)
Traceback (most recent call last):
ValueError: PID controller gains must be non-negative

>>> pid = reload(pid)
>>> controller = pid.PID(P=0.5, I=0.5, D=-0.5, setpoint=0,
...                               initial=12)
Traceback (most recent call last):
ValueError: PID controller gains must be non-negative

